Running CI Test Suite...
Connecting to DB...
Executing: SELECT id FROM users WHERE user='admin' AND pass='admin123'
✓ login_user() success path
Running service account test...
FAILED!
=============================
E   AttributeError: 'NoneType' object has no attribute 'strip'
=============================
